[2025-08-11 21:40:33] TC_PNED_003
actual  : Luki Saptaji, SP, M.Si
expected: Luki Saptaji, SP, M.Si
status  : success
TC_PNED_003 berhasil
========================================================================
[2025-08-11 21:46:49] TC_PNED_003
actual  : Slamet Pudja Rahardjo, S. IP,.MM
expected: Luki Saptaji, SP, M.Si
status  : failed
TC_PNED_003 gagal
========================================================================
[2025-08-11 21:53:16] TC_PNED_003
actual  : Luki Saptaji, SP, M.Si
expected: Luki Saptaji, SP, M.Si
status  : success
TC_PNED_003 berhasil
========================================================================
[2025-08-11 22:01:25] TC_PNED_003
actual  : Luki Saptaji, SP, M.Si
expected: 
status  : failed
TC_PNED_003 gagal
========================================================================
[2025-08-11 22:04:51] TC_PNED_003
actual  : Slamet Pudja Rahardjo, S. IP,.MM
expected: Slamet Pudja Rahardjo, S. IP,.MM
status  : success
TC_PNED_003 berhasil
========================================================================
[2025-08-11 22:08:17] TC_PNED_001
actual  : 1
expected: 1
status  : success
TC_PNED_001 berhasil
========================================================================
[2025-08-11 22:08:22] TC_PNED_003
actual  : Luki Saptaji, SP, M.Si
expected: Luki Saptaji, SP, M.Si
status  : success
TC_PNED_003 berhasil
========================================================================
[2025-08-12 11:33:58] TC_PNED_001 - Nama Pemakai
actual  : Slamet Pudja Rahardjo, S. IP,.MM
expected: Luki Saptaji, SP, M.Si
status  : failed
TC_PNED_001 - Nama Pemakai gagal
========================================================================
[2025-08-12 13:44:15] TC_PNED_003
actual  : Slamet Pudja Rahardjo, S. IP,.MM
expected: Luki Saptaji, SP, M.Si
status  : failed
TC_PNED_003 gagal
========================================================================
[2025-08-12 13:50:28] TC_PNED_001 - Nama Pemakai
actual  : Luki Saptaji, SP, M.Si
expected: Luki Saptaji, SP, M.Si
status  : success
TC_PNED_001 - Nama Pemakai berhasil
========================================================================
[2025-08-12 13:50:28] TC_PNED_001 - Status Pemakai
actual  : Anggota DPRD
expected: 3. Anggota DPRD
status  : failed
TC_PNED_001 - Status Pemakai gagal
========================================================================
[2025-08-12 13:50:33] TC_PNED_003
actual  : Luki Saptaji, SP, M.Si
expected: Luki Saptaji, SP, M.Si
status  : success
TC_PNED_003 berhasil
========================================================================
[2025-08-12 13:59:10] TC_PNED_003
actual  : Luki Saptaji, SP, M.Si
expected: 
status  : failed
TC_PNED_003 gagal
========================================================================
[2025-08-12 14:05:12] TC_PNED_001 - Nama Pemakai
actual  : Slamet Pudja Rahardjo, S. IP,.MM
expected: Luki Saptaji, SP, M.Si
status  : failed
TC_PNED_001 - Nama Pemakai gagal
========================================================================
[2025-08-12 14:05:17] TC_PNED_003
actual  : Slamet Pudja Rahardjo, S. IP,.MM
expected: Luki Saptaji, SP, M.Si
status  : failed
TC_PNED_003 gagal
========================================================================
[2025-08-12 14:10:35] TC_PNED_003
actual  : Slamet Pudja Rahardjo, S. IP,.MM
expected: 
status  : failed
TC_PNED_003 gagal
========================================================================
[2025-08-12 14:14:10] TC_PNED_003
actual  : Slamet Pudja Rahardjo, S. IP,.MM
expected: 
status  : failed
TC_PNED_003 gagal
========================================================================
[2025-08-12 14:23:50] TC_PNED_001 - Nama Pemakai
actual  : Luki Saptaji, SP, M.Si
expected: Slamet Pudja Rahardjo, S. IP,.MM
status  : failed
TC_PNED_001 - Nama Pemakai gagal
========================================================================
[2025-08-12 14:23:56] TC_PNED_003
actual  : Luki Saptaji, SP, M.Si
expected: Slamet Pudja Rahardjo, S. IP,.MM
status  : failed
TC_PNED_003 gagal
========================================================================
[2025-08-12 14:29:34] TC_PNED_001 - Nama Pemakai
actual  : Luki Saptaji, SP, M.Si
expected: Luki Saptaji, SP, M.Si
status  : success
TC_PNED_001 - Nama Pemakai berhasil
========================================================================
[2025-08-12 14:29:34] TC_PNED_001 - Status Pemakai
actual  : Anggota DPRD
expected: 3. Anggota DPRD
status  : failed
TC_PNED_001 - Status Pemakai gagal
========================================================================
[2025-08-12 14:29:39] TC_PNED_003
actual  : Luki Saptaji, SP, M.Si
expected: Luki Saptaji, SP, M.Si
status  : success
TC_PNED_003 berhasil
========================================================================
[2025-08-12 14:30:47] TC_PNED_001 - Nama Pemakai
actual  : Slamet Pudja Rahardjo, S. IP,.MM
expected: Slamet Pudja Rahardjo, S. IP,.MM
status  : success
TC_PNED_001 - Nama Pemakai berhasil
========================================================================
[2025-08-12 14:30:47] TC_PNED_001 - Status Pemakai
actual  : Anggota DPRD
expected: 3. Anggota DPRD
status  : failed
TC_PNED_001 - Status Pemakai gagal
========================================================================
[2025-08-12 14:30:52] TC_PNED_003
actual  : Slamet Pudja Rahardjo, S. IP,.MM
expected: Slamet Pudja Rahardjo, S. IP,.MM
status  : success
TC_PNED_003 berhasil
========================================================================
[2025-08-12 14:38:11] TC_PNED_001 - Nama Pemakai
actual  : Slamet Pudja Rahardjo, S. IP,.MM
expected: Slamet Pudja Rahardjo, S. IP,.MM
status  : success
TC_PNED_001 - Nama Pemakai berhasil
========================================================================
[2025-08-12 14:38:11] TC_PNED_001 - Status Pemakai
actual  : Anggota DPRD
expected: 3. Anggota DPRD
status  : failed
TC_PNED_001 - Status Pemakai gagal
========================================================================
[2025-08-12 14:38:16] TC_PNED_003
actual  : Slamet Pudja Rahardjo, S. IP,.MM
expected: Slamet Pudja Rahardjo, S. IP,.MM
status  : success
TC_PNED_003 berhasil
========================================================================
[2025-08-12 14:38:56] TC_PNED_001 - Nama Pemakai
actual  : ISROUDIN, ST, M.Si
expected: Slamet Pudja Rahardjo, S. IP,.MM
status  : failed
TC_PNED_001 - Nama Pemakai gagal
========================================================================
[2025-08-12 14:39:01] TC_PNED_003
actual  : ISROUDIN, ST, M.Si
expected: Slamet Pudja Rahardjo, S. IP,.MM
status  : failed
TC_PNED_003 gagal
========================================================================
[2025-08-12 14:42:59] TC_PNED_001 - Nama Pemakai
actual  : Luki Saptaji, SP, M.Si
expected: ISROUDIN, ST, M.Si
status  : failed
TC_PNED_001 - Nama Pemakai gagal
========================================================================
[2025-08-12 14:43:05] TC_PNED_003
actual  : Luki Saptaji, SP, M.Si
expected: ISROUDIN, ST, M.Si
status  : failed
TC_PNED_003 gagal
========================================================================
[2025-08-12 14:45:38] TC_PNED_003
actual  : ISROUDIN, ST, M.Si
expected: 
status  : failed
TC_PNED_003 gagal
========================================================================
[2025-08-12 14:47:49] TC_PNED_001 - Nama Pemakai
actual  : Luki Saptaji, SP, M.Si
expected: ISROUDIN, ST, M.Si
status  : failed
TC_PNED_001 - Nama Pemakai gagal
========================================================================
[2025-08-12 14:47:54] TC_PNED_003
actual  : Luki Saptaji, SP, M.Si
expected: 
status  : failed
TC_PNED_003 gagal
========================================================================
[2025-08-12 14:51:35] TC_PNED_001 - Nama Pemakai
actual  : Slamet Pudja Rahardjo, S. IP,.MM
expected: Slamet Pudja Rahardjo, S. IP,.MM
status  : success
TC_PNED_001 - Nama Pemakai berhasil
========================================================================
[2025-08-12 14:51:35] TC_PNED_001 - Status Pemakai
actual  : Anggota DPRD
expected: 3. Anggota DPRD
status  : failed
TC_PNED_001 - Status Pemakai gagal
========================================================================
[2025-08-12 14:51:40] TC_PNED_003
actual  : Slamet Pudja Rahardjo, S. IP,.MM
expected: Slamet Pudja Rahardjo, S. IP,.MM
status  : success
TC_PNED_003 berhasil
========================================================================
[2025-08-12 14:52:28] TC_PNED_001 - Nama Pemakai
actual  : Slamet Pudja Rahardjo, S. IP,.MM
expected: Slamet Pudja Rahardjo, S. IP,.MM
status  : success
TC_PNED_001 - Nama Pemakai berhasil
========================================================================
[2025-08-12 14:52:28] TC_PNED_001 - Status Pemakai
actual  : Anggota DPRD
expected: 3. Anggota DPRD
status  : failed
TC_PNED_001 - Status Pemakai gagal
========================================================================
[2025-08-12 14:52:34] TC_PNED_003
actual  : Slamet Pudja Rahardjo, S. IP,.MM
expected: Slamet Pudja Rahardjo, S. IP,.MM
status  : success
TC_PNED_003 berhasil
========================================================================
[2025-08-12 14:56:51] TC_PNED_001 - Nama Pemakai
actual  : Slamet Pudja Rahardjo, S. IP,.MM
expected: Slamet Pudja Rahardjo, S. IP,.MM
status  : success
TC_PNED_001 - Nama Pemakai berhasil
========================================================================
[2025-08-12 14:56:51] TC_PNED_001 - Status Pemakai
actual  : Anggota DPRD
expected: 3. Anggota DPRD
status  : failed
TC_PNED_001 - Status Pemakai gagal
========================================================================
[2025-08-12 14:56:56] TC_PNED_003
actual  : Slamet Pudja Rahardjo, S. IP,.MM
expected: Slamet Pudja Rahardjo, S. IP,.MM
status  : success
TC_PNED_003 berhasil
========================================================================
[2025-08-12 14:58:06] TC_PNED_001 - Status Pemakai
actual  : Anggota DPRD
expected: 3. Anggota DPRD
status  : failed
TC_PNED_001 - Status Pemakai gagal
========================================================================
[2025-08-12 14:58:11] TC_PNED_003
actual  : Slamet Pudja Rahardjo, S. IP,.MM
expected: Slamet Pudja Rahardjo, S. IP,.MM
status  : success
TC_PNED_003 berhasil
========================================================================
[2025-08-12 14:59:59] TC_PNED_001 - Status Pemakai
actual  : Anggota DPRD
expected: 3. Anggota DPRD
status  : failed
TC_PNED_001 - Status Pemakai gagal
========================================================================
[2025-08-12 15:00:04] TC_PNED_003
actual  : Slamet Pudja Rahardjo, S. IP,.MM
expected: Slamet Pudja Rahardjo, S. IP,.MM
status  : success
TC_PNED_003 berhasil
========================================================================
[2025-08-12 15:08:05] TC_PNED_001 - Nama Pemakai
actual  : Slamet Pudja Rahardjo, S. IP,.MM
expected: Slamet Pudja Rahardjo, S. IP,.MM
status  : success
TC_PNED_001 - Nama Pemakai berhasil
========================================================================
[2025-08-12 15:08:05] TC_PNED_001 - Status Pemakai
actual  : Anggota DPRD
expected: Anggota DPRD
status  : success
TC_PNED_001 - Status Pemakai berhasil
========================================================================
[2025-08-12 15:08:05] TC_PNED_001 - No KTP
actual  : 098765
expected: 098765
status  : success
TC_PNED_001 - No KTP berhasil
========================================================================
[2025-08-12 15:08:05] TC_PNED_001 - Alamat
actual  : bandung
expected: bandung
status  : success
TC_PNED_001 - Alamat berhasil
========================================================================
[2025-08-12 15:08:05] TC_PNED_001 - No BAST
actual  : 07/bast/2025
expected: 07/bast/2025
status  : success
TC_PNED_001 - No BAST berhasil
========================================================================
[2025-08-12 15:08:05] TC_PNED_001 - Tgl BAST
actual  : 12-08-2025
expected: 12-08-2025
status  : success
TC_PNED_001 - Tgl BAST berhasil
========================================================================
[2025-08-12 15:08:05] TC_PNED_001
actual  : 1
expected: 1
status  : success
TC_PNED_001 berhasil
========================================================================
[2025-08-12 15:08:10] TC_PNED_003
actual  : Slamet Pudja Rahardjo, S. IP,.MM
expected: Slamet Pudja Rahardjo, S. IP,.MM
status  : success
TC_PNED_003 berhasil
========================================================================
